// Jest Snapshot v1, https://goo.gl/fbAQLP

exports[`run: <cwd>/data/Fstar.json 1`] = `
{
  "name": "F*",
  "fsName": "Fstar",
  "type": "programming",
  "color": "#572e30",
  "aliases": [
    "fstar"
  ],
  "extensions": [
    ".fst"
  ],
  "tmScope": "source.fstar",
  "aceMode": "text",
  "languageId": 336943375
}
`;

exports[`run: <cwd>/data/Test Test 2.json 1`] = `
{
  "name": "Test Test 2",
  "type": "programming",
  "color": "#E8274B",
  "extensions": [
    ".abap"
  ],
  "aceMode": "abap",
  "wrap": true,
  "languageId": 1
}
`;

exports[`run: <cwd>/data/Test1.json 1`] = `
{
  "name": "Test1",
  "type": "programming",
  "color": "#814CCC",
  "aliases": [
    "hello"
  ],
  "extensions": [
    ".bsl",
    ".os"
  ],
  "tmScope": "source.bsl",
  "aceMode": "text",
  "languageId": 0
}
`;

exports[`run: <cwd>/lib/index.d.ts 1`] = `
type LanguageName =
  | "Test1"
  | "Test Test 2"
  | "F*";

declare const LinguistLanguages: Record<LanguageName, LinguistLanguages.Language>;

declare namespace LinguistLanguages {
  interface Language {
    name: string;
    type: string;
    color: string;
    aliases?: string[];
    extensions: string[];
    tmScope?: string;
    aceMode: string;
    languageId: number;
    wrap?: boolean;
    fsName?: string;
  }
}

export = LinguistLanguages;
`;

exports[`run: <cwd>/lib/index.js 1`] = `
module.exports = {
  "Test1": require("../data/Test1"),
  "Test Test 2": require("../data/Test Test 2"),
  "F*": require("../data/Fstar")
};
`;
